\BOOKMARK [0][-]{chapter.1}{\376\377\000Q\000u\000i\000c\000k\000\040\000S\000t\000a\000r\000t}{}% 1
\BOOKMARK [0][-]{chapter.2}{\376\377\000C\000o\000n\000t\000e\000n\000t\000s}{}% 2
\BOOKMARK [1][-]{section.2.1}{\376\377\000I\000n\000s\000t\000a\000l\000l\000a\000t\000i\000o\000n\000\040\000G\000u\000i\000d\000e}{chapter.2}% 3
\BOOKMARK [2][-]{subsection.2.1.1}{\376\377\000I\000n\000s\000t\000a\000l\000l\000i\000n\000g\000\040\000C\000B\000M\000P\000y}{section.2.1}% 4
\BOOKMARK [2][-]{subsection.2.1.2}{\376\377\000P\000r\000e\000r\000e\000q\000u\000i\000s\000i\000t\000e\000s}{section.2.1}% 5
\BOOKMARK [2][-]{subsection.2.1.3}{\376\377\000U\000s\000i\000n\000g\000\040\000C\000o\000n\000d\000a\000\040\000\050\000R\000e\000c\000o\000m\000m\000e\000n\000d\000e\000d\000\051}{section.2.1}% 6
\BOOKMARK [2][-]{subsection.2.1.4}{\376\377\000U\000s\000i\000n\000g\000\040\000p\000i\000p}{section.2.1}% 7
\BOOKMARK [2][-]{subsection.2.1.5}{\376\377\000V\000e\000r\000i\000f\000i\000c\000a\000t\000i\000o\000n}{section.2.1}% 8
\BOOKMARK [2][-]{subsection.2.1.6}{\376\377\000T\000r\000o\000u\000b\000l\000e\000s\000h\000o\000o\000t\000i\000n\000g}{section.2.1}% 9
\BOOKMARK [2][-]{subsection.2.1.7}{\376\377\000U\000p\000d\000a\000t\000e\000\040\000C\000B\000M\000P\000y}{section.2.1}% 10
\BOOKMARK [2][-]{subsection.2.1.8}{\376\377\000D\000e\000p\000e\000n\000d\000e\000n\000c\000i\000e\000s}{section.2.1}% 11
\BOOKMARK [1][-]{section.2.2}{\376\377\000F\000l\000u\000x\000\040\000M\000o\000d\000u\000l\000e\000\040\000A\000n\000a\000l\000y\000s\000i\000s}{chapter.2}% 12
\BOOKMARK [1][-]{section.2.3}{\376\377\000M\000a\000t\000r\000o\000i\000d\000\040\000M\000o\000d\000u\000l\000e}{chapter.2}% 13
\BOOKMARK [2][-]{subsection.2.3.1}{\376\377\000C\000B\000M\000P\000y\000:\000\040\000f\000l\000u\000x\000m\000o\000d\000u\000l\000e\000s\000\040\000m\000a\000t\000r\000o\000i\000d\000\040\000m\000o\000d\000u\000l\000e}{section.2.3}% 14
\BOOKMARK [1][-]{section.2.4}{\376\377\000D\000e\000c\000o\000m\000p\000o\000s\000i\000t\000i\000o\000n\000\040\000M\000o\000d\000u\000l\000e}{chapter.2}% 15
\BOOKMARK [2][-]{subsection.2.4.1}{\376\377\000C\000B\000M\000P\000y\000:\000\040\000f\000l\000u\000x\000m\000o\000d\000u\000l\000e\000s\000\040\000d\000e\000c\000o\000m\000p\000o\000s\000i\000i\000t\000o\000n\000\040\000m\000o\000d\000u\000l\000e}{section.2.4}% 16
\BOOKMARK [1][-]{section.2.5}{\376\377\000S\000p\000a\000r\000s\000e\000\040\000R\000a\000t\000i\000o\000n\000a\000l\000s\000\040\000M\000o\000d\000u\000l\000e}{chapter.2}% 17
\BOOKMARK [2][-]{subsection.2.5.1}{\376\377\000C\000B\000M\000P\000y\000:\000\040\000f\000l\000u\000x\000m\000o\000d\000u\000l\000e\000s\000\040\000s\000p\000a\000r\000s\000e\000\040\000r\000a\000t\000i\000o\000n\000a\000l\000s\000\040\000m\000o\000d\000u\000l\000e}{section.2.5}% 18
\BOOKMARK [1][-]{section.2.6}{\376\377\000C\000B\000M\000P\000y\000\040\000C\000o\000r\000e\000\040\000C\000l\000a\000s\000s\000e\000s}{chapter.2}% 19
\BOOKMARK [2][-]{subsection.2.6.1}{\376\377\000C\000B\000M\000P\000y\000:\000\040\000\137\000\137\000i\000n\000i\000t\000\137\000\137\000.\000p\000y}{section.2.6}% 20
\BOOKMARK [2][-]{subsection.2.6.2}{\376\377\000C\000B\000M\000P\000y\000:\000\040\000C\000B\000M\000o\000d\000e\000l\000\040\000m\000o\000d\000u\000l\000e}{section.2.6}% 21
\BOOKMARK [2][-]{subsection.2.6.3}{\376\377\000C\000B\000M\000P\000y\000:\000\040\000C\000B\000S\000o\000l\000v\000e\000\040\000m\000o\000d\000u\000l\000e}{section.2.6}% 22
\BOOKMARK [2][-]{subsection.2.6.4}{\376\377\000C\000B\000M\000P\000y\000:\000\040\000C\000B\000R\000e\000a\000d\000\040\000m\000o\000d\000u\000l\000e}{section.2.6}% 23
\BOOKMARK [2][-]{subsection.2.6.5}{\376\377\000C\000B\000M\000P\000y\000:\000\040\000C\000B\000W\000r\000i\000t\000e\000\040\000m\000o\000d\000u\000l\000e}{section.2.6}% 24
\BOOKMARK [2][-]{subsection.2.6.6}{\376\377\000C\000B\000M\000P\000y\000:\000\040\000C\000B\000C\000o\000n\000f\000i\000g\000\040\000m\000o\000d\000u\000l\000e}{section.2.6}% 25
\BOOKMARK [2][-]{subsection.2.6.7}{\376\377\000C\000B\000M\000P\000y\000:\000\040\000C\000B\000C\000o\000m\000m\000o\000n\000\040\000m\000o\000d\000u\000l\000e}{section.2.6}% 26
\BOOKMARK [2][-]{subsection.2.6.8}{\376\377\000C\000B\000M\000P\000y\000:\000\040\000C\000B\000T\000o\000o\000l\000s\000\040\000m\000o\000d\000u\000l\000e}{section.2.6}% 27
\BOOKMARK [2][-]{subsection.2.6.9}{\376\377\000C\000B\000M\000P\000y\000:\000\040\000C\000B\000D\000a\000t\000a\000S\000t\000r\000u\000c\000t\000\040\000m\000o\000d\000u\000l\000e}{section.2.6}% 28
\BOOKMARK [1][-]{section.2.7}{\376\377\000S\000o\000l\000v\000e\000r\000\040\000I\000m\000p\000l\000e\000m\000e\000n\000t\000a\000t\000i\000o\000n\000s}{chapter.2}% 29
\BOOKMARK [2][-]{subsection.2.7.1}{\376\377\000C\000B\000M\000P\000y\000:\000\040\000C\000B\000S\000o\000l\000v\000e\000r\000\040\000m\000o\000d\000u\000l\000e}{section.2.7}% 30
\BOOKMARK [2][-]{subsection.2.7.2}{\376\377\000C\000B\000M\000P\000y\000:\000\040\000C\000B\000S\000o\000l\000v\000e\000r\0002\000\040\000m\000o\000d\000u\000l\000e}{section.2.7}% 31
\BOOKMARK [2][-]{subsection.2.7.3}{\376\377\000C\000B\000M\000P\000y\000:\000\040\000C\000B\000G\000L\000P\000K\000\040\000m\000o\000d\000u\000l\000e}{section.2.7}% 32
\BOOKMARK [1][-]{section.2.8}{\376\377\000C\000B\000M\000P\000y\000:\000\040\000C\000B\000R\000e\000a\000d\000\040\000m\000o\000d\000u\000l\000e}{chapter.2}% 33
\BOOKMARK [1][-]{section.2.9}{\376\377\000C\000B\000M\000P\000y\000:\000\040\000C\000B\000R\000e\000a\000d\000t\000x\000t\000\040\000m\000o\000d\000u\000l\000e}{chapter.2}% 34
\BOOKMARK [1][-]{section.2.10}{\376\377\000C\000B\000M\000P\000y\000:\000\040\000C\000B\000W\000r\000i\000t\000e\000\040\000m\000o\000d\000u\000l\000e}{chapter.2}% 35
\BOOKMARK [1][-]{section.2.11}{\376\377\000C\000B\000M\000P\000y\000:\000\040\000C\000B\000X\000M\000L\000\040\000m\000o\000d\000u\000l\000e}{chapter.2}% 36
\BOOKMARK [1][-]{section.2.12}{\376\377\000C\000B\000M\000P\000y\000:\000\040\000C\000B\000N\000e\000t\000D\000B\000\040\000m\000o\000d\000u\000l\000e}{chapter.2}% 37
\BOOKMARK [1][-]{section.2.13}{\376\377\000V\000i\000s\000u\000a\000l\000i\000z\000a\000t\000i\000o\000n}{chapter.2}% 38
\BOOKMARK [2][-]{subsection.2.13.1}{\376\377\000C\000B\000M\000P\000y\000:\000\040\000C\000B\000P\000l\000o\000t\000\040\000m\000o\000d\000u\000l\000e}{section.2.13}% 39
\BOOKMARK [1][-]{section.2.14}{\376\377\000G\000U\000I\000\040\000F\000r\000o\000n\000t\000e\000n\000d\000s}{chapter.2}% 40
\BOOKMARK [2][-]{subsection.2.14.1}{\376\377\000C\000B\000M\000P\000y\000:\000\040\000C\000B\000G\000U\000I\000\040\000m\000o\000d\000u\000l\000e}{section.2.14}% 41
\BOOKMARK [2][-]{subsection.2.14.2}{\376\377\000C\000B\000M\000P\000y\000:\000\040\000C\000B\000W\000x\000\040\000m\000o\000d\000u\000l\000e}{section.2.14}% 42
\BOOKMARK [1][-]{section.2.15}{\376\377\000M\000u\000l\000t\000i\000-\000p\000r\000o\000c\000e\000s\000s\000i\000n\000g}{chapter.2}% 43
\BOOKMARK [2][-]{subsection.2.15.1}{\376\377\000C\000B\000M\000P\000y\000:\000\040\000C\000B\000M\000u\000l\000t\000i\000C\000o\000r\000e\000\040\000m\000o\000d\000u\000l\000e}{section.2.15}% 44
\BOOKMARK [2][-]{subsection.2.15.2}{\376\377\000C\000B\000M\000P\000y\000:\000\040\000C\000B\000M\000u\000l\000t\000i\000M\000o\000d\000e\000l\000\040\000m\000o\000d\000u\000l\000e}{section.2.15}% 45
\BOOKMARK [2][-]{subsection.2.15.3}{\376\377\000C\000B\000M\000P\000y\000:\000\040\000C\000B\000M\000u\000l\000t\000i\000E\000n\000v\000\040\000m\000o\000d\000u\000l\000e}{section.2.15}% 46
\BOOKMARK [1][-]{section.2.16}{\376\377\000M\000o\000d\000e\000l\000\040\000U\000t\000i\000l\000i\000t\000i\000e\000s}{chapter.2}% 47
\BOOKMARK [2][-]{subsection.2.16.1}{\376\377\000C\000B\000M\000P\000y\000:\000\040\000C\000B\000M\000o\000d\000e\000l\000T\000o\000o\000l\000s\000\040\000m\000o\000d\000u\000l\000e}{section.2.16}% 48
\BOOKMARK [2][-]{subsection.2.16.2}{\376\377\000C\000B\000M\000P\000y\000:\000\040\000d\000e\000f\000a\000u\000l\000t\000\040\000m\000o\000d\000e\000l\000\040\000m\000o\000d\000u\000l\000e}{section.2.16}% 49
\BOOKMARK [1][-]{section.2.17}{\376\377\000R\000e\000l\000e\000a\000s\000e\000\040\000N\000o\000t\000e\000s}{chapter.2}% 50
\BOOKMARK [1][-]{section.2.18}{\376\377\0000\000.\0008\000.\0009\000\040\000\050\000u\000n\000r\000e\000l\000e\000a\000s\000e\000d\000\051}{chapter.2}% 51
\BOOKMARK [1][-]{section.2.19}{\376\377\0000\000.\0008\000.\0008\000\040\000\050\0002\0000\0002\0003\000\051}{chapter.2}% 52
\BOOKMARK [1][-]{section.2.20}{\376\377\0000\000.\0008\000.\0004\000\040\000\050\0002\0000\0002\0002\000\051}{chapter.2}% 53
\BOOKMARK [1][-]{section.2.21}{\376\377\0000\000.\0008\000.\0002\000\040\000\050\0002\0000\0002\0001\000\051}{chapter.2}% 54
\BOOKMARK [0][-]{chapter.3}{\376\377\000I\000n\000d\000i\000c\000e\000s\000\040\000a\000n\000d\000\040\000t\000a\000b\000l\000e\000s}{}% 55
\BOOKMARK [0][-]{section*.962}{\376\377\000P\000y\000t\000h\000o\000n\000\040\000M\000o\000d\000u\000l\000e\000\040\000I\000n\000d\000e\000x}{}% 56
\BOOKMARK [0][-]{section*.963}{\376\377\000I\000n\000d\000e\000x}{}% 57
